// Jest Snapshot v1, https://goo.gl/fbAQLP

exports[`integration test secrets/secrets.json generated module should match expected source 1`] = `
"import { redact } from \\"redact\\";

export const foo = redact();
export const integer = redact();"
`;

exports[`integration test secrets/secrets.json generated type declaration should match expected source 1`] = `
"import { Redacted } from \\"redact\\";

export const foo: Redacted<\\"bar\\">;
export const integer: Redacted<42>;"
`;
