// Jest Snapshot v1, https://goo.gl/fbAQLP

exports[`PageRenderer bare render 1`] = `"<!doctype html><html><head><meta name=\\"viewport\\" content=\\"width=device-width, initial-scale=1\\"><script>(_dispatch=function(i,e){_dispatch.e.push([i,e])}).e=[]</script></head><body data-gramm=\\"false\\" class=\\"notranslate\\"><div></div><script src=\\"/main.js\\" integrity=\\"sha1-main-dummy\\"></script><script>window._mobius||(function(s){s.src=\\"/fallback.js\\";s.setAttribute(\\"integrity\\",\\"sha1-fallback-dummy\\")})(document.head.appendChild(document.createElement(\\"script\\")))</script></body></html>"`;

exports[`PageRenderer with form 1`] = `"<!doctype html><html><head><meta name=\\"viewport\\" content=\\"width=device-width, initial-scale=1\\"><script>(_dispatch=function(i,e){_dispatch.e.push([i,e])}).e=[]</script></head><body data-gramm=\\"false\\" class=\\"notranslate\\"><form action=\\"/\\" method=\\"POST\\" id=\\"mobius-form\\"><input name=\\"postback\\" type=\\"hidden\\" value=\\"form\\"><input name=\\"sessionID\\" type=\\"hidden\\" value=\\"test\\"><input name=\\"messageID\\" type=\\"hidden\\" value=\\"0\\"><input name=\\"hasServerChannels\\" type=\\"hidden\\" value><div></div><script src=\\"/main.js\\" integrity=\\"sha1-main-dummy\\"></script><script>window._mobius||(function(s){s.src=\\"/fallback.js\\";s.setAttribute(\\"integrity\\",\\"sha1-fallback-dummy\\")})(document.head.appendChild(document.createElement(\\"script\\")))</script></form></body></html>"`;

exports[`PageRenderer with form and strip script 1`] = `"<!doctype html><html><head><meta name=\\"viewport\\" content=\\"width=device-width, initial-scale=1\\"><script>(_dispatch=function(i,e){_dispatch.e.push([i,e])}).e=[]</script></head><body data-gramm=\\"false\\" class=\\"notranslate\\"><form action=\\"/\\" method=\\"POST\\" id=\\"mobius-form\\"><input name=\\"postback\\" type=\\"hidden\\" value=\\"form\\"><input name=\\"sessionID\\" type=\\"hidden\\" value=\\"test\\"><input name=\\"messageID\\" type=\\"hidden\\" value=\\"0\\"><input name=\\"hasServerChannels\\" type=\\"hidden\\" value><div></div></form></body></html>"`;
